r11#
r11#terminal width 511
r11#terminal length 0
r11#
r11#
r11#
r11#
r11#show version
Cisco IOS Software, C2900 Software (C2900-UNIVERSALK9-M), Version 15.4(3)M3, RELEASE SOFTWARE (fc2)
Technical Support: http://www.cisco.com/techsupport
Copyright (c) 1986-2015 by Cisco Systems, Inc.
Compiled Fri 05-Jun-15 13:24 by prod_rel_team

ROM: System Bootstrap, Version 15.0(1r)M16, RELEASE SOFTWARE (fc1)

r11 uptime is 8 weeks, 15 minutes
System returned to ROM by reload at 09:56:22 UTC Mon Feb 23 2026
System image file is "flash0:c2900-universalk9-mz.SPA.154-3.M3.bin"
Last reload type: Normal Reload
Last reload reason: Reload Command



This product contains cryptographic features and is subject to United
States and local country laws governing import, export, transfer and
use. Delivery of Cisco cryptographic products does not imply
third-party authority to import, export, distribute or use encryption.
Importers, exporters, distributors and users are responsible for
compliance with U.S. and local country laws. By using this product you
agree to comply with applicable laws and regulations. If you are unable
to comply with U.S. and local laws, return this product immediately.

A summary of U.S. laws governing Cisco cryptographic products may be found at:
http://www.cisco.com/wwl/export/crypto/tool/stqrg.html

If you require further assistance please contact us by sending email to
export@cisco.com.

Cisco CISCO2901/K9 (revision 1.0) with 483328K/40960K bytes of memory.
Processor board ID FCZ195172CW
2 Gigabit Ethernet interfaces
2 Low-speed serial(sync/async) interfaces
1 terminal line
DRAM configuration is 64 bits wide with parity enabled.
255K bytes of non-volatile configuration memory.
255488K bytes of ATA System CompactFlash 0 (Read/Write)


License Info:

License UDI:

-------------------------------------------------
Device#	  PID			SN
-------------------------------------------------
*1  	  CISCO2901/K9          FCZ195172CW     



Technology Package License Information for Module:'c2900' 

------------------------------------------------------------------------
Technology    Technology-package                  Technology-package
              Current              Type           Next reboot  
------------------------------------------------------------------------
ipbase        ipbasek9             Permanent      ipbasek9
security      None                 None           None
uc            None                 None           None
data          datak9               RightToUse     datak9
NtwkEss       None                 None           None
CollabPro     None                 None           None

Configuration register is 0x2142

r11#